<html>
<body>
<pre>
<h1>礦ision Build Log</h1>
<h2>Tool Versions:</h2>
IDE-Version: μVision V5.23.0.0
Copyright (C) 2017 ARM Ltd and ARM Germany GmbH. All rights reserved.
License Information: 1 Microsoft, Microsoft, LIC=W96AR-KZAM6-MRKXP-M9GQL-S24W5-CPLTS
 
Tool Versions:
Toolchain:       MDK-ARM Professional  Version: 5.23
Toolchain Path:  H:\Keil_v5\ARM\ARMCC\Bin
C Compiler:      Armcc.exe V5.06 update 4 (build 422)
Assembler:       Armasm.exe V5.06 update 4 (build 422)
Linker/Locator:  ArmLink.exe V5.06 update 4 (build 422)
Library Manager: ArmAr.exe V5.06 update 4 (build 422)
Hex Converter:   FromElf.exe V5.06 update 4 (build 422)
CPU DLL:         SARMCM3.DLL V5.23
Dialog DLL:      DCM.DLL V1.15.0.0
Target DLL:      STLink\ST-LINKIII-KEIL_SWO.dll V2.0.18.0
Dialog DLL:      TCM.DLL V1.27.0.0
 
<h2>Project:</h2>
E:\RecordEveryDay\20190912\YSF1_HAL_MOTOR-004. 57&42步进电机基本旋转实现\YSF1_HAL_MOTOR-004. 57&42步进电机基本旋转实现\MDK-ARM\YS-F1Pro.uvprojx
Project File Date:  03/29/2019

<h2>Output:</h2>
*** Using Compiler 'V5.06 update 4 (build 422)', folder: 'H:\Keil_v5\ARM\ARMCC\Bin'
Rebuild target 'YS-F1Pro'
assembling startup_stm32f103xe.s...
compiling stm32f1xx_hal_tim.c...
compiling system_stm32f1xx.c...
compiling stm32f1xx_hal_dma.c...
compiling stm32f1xx_hal.c...
compiling stm32f1xx_hal_pwr.c...
compiling stm32f1xx_hal_cortex.c...
compiling stm32f1xx_hal_rcc.c...
compiling stm32f1xx_hal_tim_ex.c...
compiling stm32f1xx_hal_gpio.c...
compiling stm32f1xx_hal_flash.c...
compiling stm32f1xx_hal_rcc_ex.c...
compiling stm32f1xx_hal_flash_ex.c...
compiling stm32f1xx_hal_adc_ex.c...
compiling stm32f1xx_hal_adc.c...
compiling stm32f1xx_hal_cec.c...
compiling stm32f1xx_hal_can.c...
compiling stm32f1xx_hal_crc.c...
compiling stm32f1xx_hal_dac.c...
compiling stm32f1xx_hal_dac_ex.c...
compiling stm32f1xx_hal_gpio_ex.c...
compiling stm32f1xx_hal_eth.c...
compiling stm32f1xx_hal_hcd.c...
compiling stm32f1xx_hal_i2s.c...
compiling stm32f1xx_hal_i2c.c...
compiling stm32f1xx_hal_iwdg.c...
compiling stm32f1xx_hal_nand.c...
compiling stm32f1xx_hal_nor.c...
compiling stm32f1xx_hal_irda.c...
compiling stm32f1xx_hal_pcd_ex.c...
compiling stm32f1xx_hal_pccard.c...
compiling stm32f1xx_hal_rtc.c...
compiling stm32f1xx_hal_rtc_ex.c...
compiling stm32f1xx_hal_pcd.c...
compiling stm32f1xx_hal_spi.c...
compiling stm32f1xx_hal_smartcard.c...
compiling stm32f1xx_hal_sd.c...
compiling stm32f1xx_hal_spi_ex.c...
compiling stm32f1xx_hal_usart.c...
compiling stm32f1xx_hal_sram.c...
compiling stm32f1xx_hal_uart.c...
compiling stm32f1xx_hal_wwdg.c...
compiling stm32f1xx_ll_fsmc.c...
compiling stm32f1xx_ll_sdmmc.c...
compiling stm32f1xx_hal_msp.c...
compiling main.c...
compiling stm32f1xx_ll_usb.c...
compiling stm32f1xx_it.c...
compiling stm32f1xx_assert.c...
compiling bsp_STEPMOTOR.c...
linking...
Program Size: Code=6156 RO-data=352 RW-data=12 ZI-data=4156  
FromELF: creating hex file...
"YS-F1Pro\YS-F1Pro.axf" - 0 Error(s), 0 Warning(s).

<h2>Collection of Component include folders:</h2>
  .\RTE\_YS-F1Pro
  H:\Keil_v5\ARM\PACK\Keil\STM32F1xx_DFP\2.2.0\Device\Include

<h2>Collection of Component Files used:</h2>
Build Time Elapsed:  00:00:56
</pre>
</body>
</html>
